---
http_interactions:
- request:
    method: post
    uri: https://api.lob.com/v1/addresses
    body:
      encoding: UTF-8
      string: name=Burger+King&address_line1=2110+S+Broadway&address_city=Denver&address_state=CO&address_country=US&address_zip=80210
    headers:
      Accept:
      - "*/*"
      User-Agent:
      - Lob/v1 RubyBindings/5.4.6
      Lob-Version:
      - ''
      Content-Length:
      - '120'
      Content-Type:
      - application/x-www-form-urlencoded
      Accept-Encoding:
      - gzip;q=1.0,deflate;q=0.6,identity;q=0.3
      Host:
      - api.lob.com
      Authorization:
      - Basic dGVzdF9jNzI3ZjMyYmFhOTdkNzg4MTE2NDFiODkyYTBkNzI2NDgwMDo=
  response:
    status:
      code: 200
      message: OK
    headers:
      Connection:
      - keep-alive
      Content-Length:
      - '486'
      Content-Type:
      - application/json; charset=utf-8
      X-Rate-Limit-Remaining:
      - '147'
      X-Rate-Limit-Limit:
      - '150'
      X-Rate-Limit-Reset:
      - '1652967679'
      Access-Control-Allow-Credentials:
      - 'true'
      Access-Control-Expose-Headers:
      - WWW-Authenticate,Server-Authorization
      Cache-Control:
      - no-cache
      Accept-Ranges:
      - bytes
      Date:
      - Thu, 19 May 2022 13:41:18 GMT
      Vary:
      - origin
      Strict-Transport-Security:
      - max-age=300
    body:
      encoding: UTF-8
      string: |-
        {
            "id": "adr_6fb9ddd2480ba4c2",
            "description": null,
            "name": "BURGER KING",
            "company": null,
            "phone": null,
            "email": null,
            "address_line1": "2110 S BROADWAY",
            "address_line2": null,
            "address_city": "DENVER",
            "address_state": "CO",
            "address_zip": "80210-4402",
            "address_country": "UNITED STATES",
            "metadata": {},
            "date_created": "2022-05-19T13:41:18.964Z",
            "date_modified": "2022-05-19T13:41:18.964Z",
            "object": "address"
        }
  recorded_at: Thu, 19 May 2022 13:41:18 GMT
- request:
    method: post
    uri: https://api.lob.com/v1/addresses
    body:
      encoding: UTF-8
      string: address_line1=11913+Freedom+Dr&address_line2=%2335&address_city=Reston&address_state=VA&address_zip=20190&name=Harrison+Trantow&address_country=US
    headers:
      Accept:
      - "*/*"
      User-Agent:
      - Lob/v1 RubyBindings/5.4.6
      Lob-Version:
      - ''
      Content-Length:
      - '146'
      Content-Type:
      - application/x-www-form-urlencoded
      Accept-Encoding:
      - gzip;q=1.0,deflate;q=0.6,identity;q=0.3
      Host:
      - api.lob.com
      Authorization:
      - Basic dGVzdF9jNzI3ZjMyYmFhOTdkNzg4MTE2NDFiODkyYTBkNzI2NDgwMDo=
  response:
    status:
      code: 200
      message: OK
    headers:
      Connection:
      - keep-alive
      Content-Length:
      - '497'
      Content-Type:
      - application/json; charset=utf-8
      X-Rate-Limit-Remaining:
      - '146'
      X-Rate-Limit-Limit:
      - '150'
      X-Rate-Limit-Reset:
      - '1652967679'
      Access-Control-Allow-Credentials:
      - 'true'
      Access-Control-Expose-Headers:
      - WWW-Authenticate,Server-Authorization
      Cache-Control:
      - no-cache
      Accept-Ranges:
      - bytes
      Date:
      - Thu, 19 May 2022 13:41:19 GMT
      Vary:
      - origin
      Strict-Transport-Security:
      - max-age=300
    body:
      encoding: UTF-8
      string: |-
        {
            "id": "adr_9eaace69d5e7f68a",
            "description": null,
            "name": "HARRISON TRANTOW",
            "company": null,
            "phone": null,
            "email": null,
            "address_line1": "11913 FREEDOM DR # 35",
            "address_line2": null,
            "address_city": "RESTON",
            "address_state": "VA",
            "address_zip": "20190-5601",
            "address_country": "UNITED STATES",
            "metadata": {},
            "date_created": "2022-05-19T13:41:19.582Z",
            "date_modified": "2022-05-19T13:41:19.582Z",
            "object": "address"
        }
  recorded_at: Thu, 19 May 2022 13:41:19 GMT
- request:
    method: post
    uri: https://api.lob.com/v1/letters
    body:
      encoding: UTF-8
      string: description=Test+letter&to=adr_6fb9ddd2480ba4c2&from=adr_9eaace69d5e7f68a&file=%0A++++++++++++++++%3Chtml%3E%0A%0A++%3Chead%3E%0A++++%3Cmeta+charset%3D%22UTF-8%22%3E%0A++++%3Clink+href%3D%22https%3A%2F%2Ffonts.googleapis.com%2Fcss%3Ffamily%3DTinos%22+rel%3D%22stylesheet%22+type%3D%22text%2Fcss%22%3E%0A++++%3Ctitle%3ELetter+to+Representative%3C%2Ftitle%3E%0A++++%3Cstyle%3E%0A++++++*%2C%0A++++++*%3Abefore%2C%0A++++++*%3Aafter+%7B%0A++++++++-webkit-box-sizing%3A+border-box%3B%0A++++++++-moz-box-sizing%3A+border-box%3B%0A++++++++box-sizing%3A+border-box%3B%0A++++++%7D%0A%0A++++++body+%7B%0A++++++++width%3A+8.5in%3B%0A++++++++height%3A+11in%3B%0A++++++++margin%3A+0%3B%0A++++++++padding%3A+0%3B%0A++++++%7D%0A%0A++++++.page+%7B%0A++++++++page-break-after%3A+always%3B%0A++++++++position%3A+relative%3B%0A++++++++width%3A+8.5in%3B%0A++++++++height%3A+11in%3B%0A++++++%7D%0A%0A++++++.page-content+%7B%0A++++++++position%3A+absolute%3B%0A++++++++width%3A+8.125in%3B%0A++++++++height%3A+10.625in%3B%0A++++++++left%3A+0.1875in%3B%0A++++++++top%3A+0.1875in%3B%0A++++++++background-color%3A+rgba%280%2C+0%2C+0%2C+0%29%3B%0A++++++%7D%0A%0A++++++.text+%7B%0A++++++++margin-left%3A+55px%3B%0A++++++++margin-right%3A+55px%3B%0A++++++++margin-top%3A+300px%3B%0A++++++++font-family%3A+%27Tinos%27%3B%0A++++++++font-size%3A+10pt%3B%0A++++++++line-height%3A+14pt%3B%0A++++++%7D%0A%0A++++++.red-text+%7B%0A++++++++color%3A+red%3B%0A++++++%7D%0A%0A++++++.date+%7B%0A++++++++float%3A+right%3B%0A++++++%7D%0A%0A++++++%23return-address-window+%7B%0A++++++++position%3A+absolute%3B%0A++++++++left%3A+.625in%3B%0A++++++++top%3A+.5in%3B%0A++++++++width%3A+3.25in%3B%0A++++++++height%3A+.875in%3B%0A++++++++background-color%3A+rgba%28255%2C+0%2C+0%2C+0%29%3B%0A++++++%7D%0A%0A++++++%23return-address-text+%7B%0A++++++++position%3A+absolute%3B%0A++++++++left%3A+.07in%3B%0A++++++++top%3A+.34in%3B%0A++++++++width%3A+2.05in%3B%0A++++++++height%3A+.44in%3B%0A++++++++font-size%3A+.11in%3B%0A++++++%7D%0A++++++%2F*+your+main+logo+should+have+dimensions+of+240x224+pixels.+*%2F%0A%0A++++++%23main-logo+%7B%0A++++++++position%3A+absolute%3B%0A++++++++left%3A+542px%3B%0A++++++++top%3A+23px%3B%0A++++++++width%3A+2in%3B%0A++++++++height%3A+.3in%3B%0A++++++%7D%0A%0A++++++%23recipient-address-window+%7B%0A++++++++position%3A+absolute%3B%0A++++++++left%3A+.625in%3B%0A++++++++top%3A+1.7in%3B%0A++++++++width%3A+4in%3B%0A++++++++height%3A+1in%3B%0A++++++++background-color%3A+rgba%28255%2C+0%2C+0%2C+0%29%3B%0A++++++%7D%0A%0A++++++%23recipient-address-text+%7B%0A++++++++position%3A+absolute%3B%0A++++++++left%3A+.07in%3B%0A++++++++top%3A+.05in%3B%0A++++++++width%3A+2.92in%3B%0A++++++++height%3A+.9in%3B%0A++++++%7D%0A%0A++++++%23white-box+%7B%0A++++++++background-color%3A+white%3B%0A++++++++width%3A+3.15in%3B%0A++++++++height%3A+2in%3B%0A++++++++position%3A+absolute%3B%0A++++++++left%3A+.6in%3B%0A++++++++top%3A+.84in%3B%0A++++++%7D%0A++++%3C%2Fstyle%3E%0A++%3C%2Fhead%3E%0A%0A++%3Cbody%3E%0A++++%3Cdiv+class%3D%22page%22%3E%0A++++++%3Cdiv+class%3D%22page-content%22%3E%0A++++++%3C%21--+%3Cdiv+id%3D%22main-logo%22%3E%3Cimg+src%3D%22https%3A%2F%2Fs3.us-west-2.amazonaws.com%2Fpublic.lob.com%2FLob_For_Good%2Fvoter%2Baccess%2Bprogram%2B%281%29.png%22+width%3D%22240px%22%3E%3C%2Fdiv%3E+--%3E%0A++++++++%3Cdiv+class%3D%22text%22%3E%0A++++++++++%3Cbr%3E++++++++++++++++++++++++Senator+Michael+Bennet%2C%3Cbr%3E%3Cbr%3E%3Cbr%3E++++++++++++++++++++++++Please+make+GrubHub+free.%3Cbr%3E%3Cbr%3E%3Cbr%3E++++++++++++++++++++++++Your+constituent%2C+%3Cbr%3E%3Cbr%3E++++++++++++++++++++++++Nate%3Cbr%3E++++++++++++++++++++++++%0A++++++++%3C%2Fdiv%3E%0A%0A++++++++%3C%21--+This+div+represents+a+white+box+which+will+be+printed+on+top+of+all+artwork+to+hold+address+and+barcode+information.+Any+content+provided+underneath+this+area+will+be+covered.+--%3E%0A++++++++%3Cdiv+id%3D%22white-box%22%3E%3C%2Fdiv%3E%0A%0A++++++++%3Cdiv+id%3D%22return-address-window%22%3E%0A++++++++++%3Cdiv+id%3D%22return-address-text%22%3E%0A++++++++++%3C%2Fdiv%3E%0A++++++++%3C%2Fdiv%3E%0A++++++++%3Cdiv+id%3D%22recipient-address-window%22%3E%0A++++++++++%3Cdiv+id%3D%22recipient-address-text%22%3E%0A++++++++++%3C%2Fdiv%3E%0A++++++++%3C%2Fdiv%3E%0A++++++%3C%2Fdiv%3E%0A%0A++%3C%2Fbody%3E%0A%0A++%3C%2Fhtml%3E%0A++++++++++++++++&merge_variables=%7B%22name%22%3A%22Albert%22%2C%22event%22%3A%22HTML+Letter+Conference%22%7D&metadata[campaign]=HTML+1.0&color=false
    headers:
      Accept:
      - "*/*"
      User-Agent:
      - Lob/v1 RubyBindings/5.4.6
      Lob-Version:
      - ''
      Content-Length:
      - '4403'
      Content-Type:
      - application/x-www-form-urlencoded
      Accept-Encoding:
      - gzip;q=1.0,deflate;q=0.6,identity;q=0.3
      Host:
      - api.lob.com
      Authorization:
      - Basic dGVzdF9jNzI3ZjMyYmFhOTdkNzg4MTE2NDFiODkyYTBkNzI2NDgwMDo=
  response:
    status:
      code: 200
      message: OK
    headers:
      Connection:
      - keep-alive
      Content-Type:
      - application/json; charset=utf-8
      X-Rate-Limit-Remaining:
      - '148'
      X-Rate-Limit-Limit:
      - '150'
      X-Rate-Limit-Reset:
      - '1652967682'
      Access-Control-Allow-Credentials:
      - 'true'
      Access-Control-Expose-Headers:
      - WWW-Authenticate,Server-Authorization
      Cache-Control:
      - no-cache
      Accept-Ranges:
      - bytes
      Date:
      - Thu, 19 May 2022 13:41:20 GMT
      Vary:
      - origin,accept-encoding
      Strict-Transport-Security:
      - max-age=300
      Transfer-Encoding:
      - chunked
    body:
      encoding: ASCII-8BIT
      string: |-
        {
            "id": "ltr_bddc48fe96ae053e",
            "description": "Test letter",
            "metadata": {
                "campaign": "HTML 1.0"
            },
            "to": {
                "id": "adr_6fb9ddd2480ba4c2",
                "description": null,
                "name": "BURGER KING",
                "company": null,
                "phone": null,
                "email": null,
                "address_line1": "2110 S BROADWAY",
                "address_line2": null,
                "address_city": "DENVER",
                "address_state": "CO",
                "address_zip": "80210-4402",
                "address_country": "UNITED STATES",
                "metadata": {},
                "date_created": "2022-05-19T13:41:18.964Z",
                "date_modified": "2022-05-19T13:41:18.964Z",
                "object": "address"
            },
            "from": {
                "id": "adr_9eaace69d5e7f68a",
                "description": null,
                "name": "HARRISON TRANTOW",
                "company": null,
                "phone": null,
                "email": null,
                "address_line1": "11913 FREEDOM DR # 35",
                "address_line2": null,
                "address_city": "RESTON",
                "address_state": "VA",
                "address_zip": "20190-5601",
                "address_country": "UNITED STATES",
                "metadata": {},
                "date_created": "2022-05-19T13:41:19.582Z",
                "date_modified": "2022-05-19T13:41:19.582Z",
                "object": "address"
            },
            "color": false,
            "double_sided": true,
            "address_placement": "top_first_page",
            "return_envelope": false,
            "perforated_page": null,
            "custom_envelope": null,
            "extra_service": null,
            "mail_type": "usps_first_class",
            "url": "https://lob-assets.com/letters/ltr_bddc48fe96ae053e.pdf?version=v1&expires=1655559680&signature=_QAisvD-Z-OhbtNYJNZqhenm3HThD5UmcU6mD7Hy2xP0xa23d1t5S-0m6juuehErMiwSS7682aJ_PYLS_p0UCQ",
            "merge_variables": {
                "name": "Albert",
                "event": "HTML Letter Conference"
            },
            "template_id": null,
            "template_version_id": null,
            "carrier": "USPS",
            "tracking_number": null,
            "tracking_events": [],
            "thumbnails": [
                {
                    "small": "https://lob-assets.com/letters/ltr_bddc48fe96ae053e_thumb_small_1.png?version=v1&expires=1655559680&signature=FoJ09vEDBjcWjy8G4GlaUOIG-0Mi061OcEzIWcBfQDHA53Awp1AkUHZOBoiZ99OFFqFqn3WFX9P4l6MUT48UBA",
                    "medium": "https://lob-assets.com/letters/ltr_bddc48fe96ae053e_thumb_medium_1.png?version=v1&expires=1655559680&signature=HUy_PZ_YtzYp_doi2Px-Oz9GkFlniHY2ACU-6DudNZ3VizFjCeAmwPrAlrjI4jZ4mOWrBL7bmlj66lV5O_g8CA",
                    "large": "https://lob-assets.com/letters/ltr_bddc48fe96ae053e_thumb_large_1.png?version=v1&expires=1655559680&signature=O2MzzjnCDkkvw4L7uckm_Vp8txGttwX6xyqffah1GqN9_n8PPZG9WR3_TiufUvz0hUaBZLr86-YLvFu6wdiWDQ"
                }
            ],
            "expected_delivery_date": "2022-05-26",
            "date_created": "2022-05-19T13:41:20.443Z",
            "date_modified": "2022-05-19T13:41:20.443Z",
            "send_date": "2022-05-19T13:46:20.430Z",
            "object": "letter"
        }
  recorded_at: Thu, 19 May 2022 13:41:20 GMT
recorded_with: VCR 6.0.0
